deployed	1786612842	2026-08-13
discover	1786612842	2026-08-13
promote	1786612842	2026-08-13
lessons	1786612842	2026-08-13
deployed	1787699715	2026-08-25
discover	1788069498	2026-08-29
promote	1788069498	2026-08-29
deployed	1788475298	2026-09-03
graphify	1788532872	2026-09-04
graphify	1788622876	2026-09-05
graphify	1788702917	2026-09-06
graphify	1789077529	2026-09-10
deployed	1789202450	2026-09-12
graphify	1789202451	2026-09-12
lessons	1789207967	2026-09-12
graphify	1789208793	2026-09-12
discover	1789325132	2026-09-13
promote	1789325132	2026-09-13
graphify	1789681338	2026-09-17
deployed	1789681339	2026-09-17
graphify	1789692064	2026-09-17
snapshot	1789765806	2026-09-18
snapshot	1790116942	2026-09-22
